[INFO] Scanning for projects...
[INFO] 
[INFO] -----------------------< ma.enset:order-service >-----------------------
[INFO] Building order-service 0.0.1-SNAPSHOT
[INFO]   from pom.xml
[INFO] --------------------------------[ jar ]---------------------------------
[INFO] 
[INFO] >>> spring-boot:3.5.9:run (default-cli) > test-compile @ order-service >>>
[INFO] 
[INFO] --- resources:3.3.1:resources (default-resources) @ order-service ---
[INFO] Copying 1 resource from src/main/resources to target/classes
[INFO] Copying 1 resource from src/main/resources to target/classes
[INFO] 
[INFO] --- compiler:3.14.1:compile (default-compile) @ order-service ---
[INFO] Recompiling the module because of changed source code.
[INFO] Compiling 8 source files with javac [debug parameters release 21] to target/classes
[INFO] Annotation processing is enabled because one or more processors were found
  on the class path. A future release of javac may disable annotation processing
  unless at least one processor is specified by name (-processor), or a search
  path is specified (--processor-path, --processor-module-path), or annotation
  processing is enabled explicitly (-proc:only, -proc:full).
  Use -Xlint:-options to suppress this message.
  Use -proc:none to disable annotation processing.
[INFO] 
[INFO] --- resources:3.3.1:testResources (default-testResources) @ order-service ---
[INFO] skip non existing resourceDirectory /home/ellayli/enset_CCN/s5/security of sd/Secure-Ecom-Application/order-service/src/test/resources
[INFO] 
[INFO] --- compiler:3.14.1:testCompile (default-testCompile) @ order-service ---
[INFO] Recompiling the module because of changed dependency.
[INFO] Compiling 1 source file with javac [debug parameters release 21] to target/test-classes
[INFO] Annotation processing is enabled because one or more processors were found
  on the class path. A future release of javac may disable annotation processing
  unless at least one processor is specified by name (-processor), or a search
  path is specified (--processor-path, --processor-module-path), or annotation
  processing is enabled explicitly (-proc:only, -proc:full).
  Use -Xlint:-options to suppress this message.
  Use -proc:none to disable annotation processing.
[INFO] 
[INFO] <<< spring-boot:3.5.9:run (default-cli) < test-compile @ order-service <<<
[INFO] 
[INFO] 
[INFO] --- spring-boot:3.5.9:run (default-cli) @ order-service ---
[INFO] Attaching agents: []

  .   ____          _            __ _ _
 /\\ / ___'_ __ _ _(_)_ __  __ _ \ \ \ \
( ( )\___ | '_ | '_| | '_ \/ _` | \ \ \ \
 \\/  ___)| |_)| | | | | || (_| |  ) ) ) )
  '  |____| .__|_| |_|_| |_\__, | / / / /
 =========|_|==============|___/=/_/_/_/

 :: Spring Boot ::                (v3.5.9)

2026-01-11T01:59:26.222+01:00  INFO 312175 --- [order-service] [           main] m.e.o.OrderServiceApplication            : Starting OrderServiceApplication using Java 21.0.9 with PID 312175 (/home/ellayli/enset_CCN/s5/security of sd/Secure-Ecom-Application/order-service/target/classes started by ellayli in /home/ellayli/enset_CCN/s5/security of sd/Secure-Ecom-Application/order-service)
2026-01-11T01:59:26.251+01:00 DEBUG 312175 --- [order-service] [           main] m.e.o.OrderServiceApplication            : Running with Spring Boot v3.5.9, Spring v6.2.15
2026-01-11T01:59:26.259+01:00  INFO 312175 --- [order-service] [           main] m.e.o.OrderServiceApplication            : No active profile set, falling back to 1 default profile: "default"
2026-01-11T01:59:28.800+01:00  INFO 312175 --- [order-service] [           main] .s.d.r.c.RepositoryConfigurationDelegate : Bootstrapping Spring Data JPA repositories in DEFAULT mode.
2026-01-11T01:59:28.907+01:00  INFO 312175 --- [order-service] [           main] .s.d.r.c.RepositoryConfigurationDelegate : Finished Spring Data repository scanning in 90 ms. Found 1 JPA repository interface.
2026-01-11T01:59:30.102+01:00  INFO 312175 --- [order-service] [           main] o.s.b.w.embedded.tomcat.TomcatWebServer  : Tomcat initialized with port 8082 (http)
2026-01-11T01:59:30.129+01:00  INFO 312175 --- [order-service] [           main] o.apache.catalina.core.StandardService   : Starting service [Tomcat]
2026-01-11T01:59:30.129+01:00  INFO 312175 --- [order-service] [           main] o.apache.catalina.core.StandardEngine    : Starting Servlet engine: [Apache Tomcat/10.1.50]
2026-01-11T01:59:30.211+01:00  INFO 312175 --- [order-service] [           main] o.a.c.c.C.[Tomcat].[localhost].[/]       : Initializing Spring embedded WebApplicationContext
2026-01-11T01:59:30.212+01:00  INFO 312175 --- [order-service] [           main] w.s.c.ServletWebServerApplicationContext : Root WebApplicationContext: initialization completed in 3643 ms
2026-01-11T01:59:30.593+01:00  INFO 312175 --- [order-service] [           main] o.hibernate.jpa.internal.util.LogHelper  : HHH000204: Processing PersistenceUnitInfo [name: default]
2026-01-11T01:59:30.680+01:00  INFO 312175 --- [order-service] [           main] org.hibernate.Version                    : HHH000412: Hibernate ORM core version 6.6.39.Final
2026-01-11T01:59:30.734+01:00  INFO 312175 --- [order-service] [           main] o.h.c.internal.RegionFactoryInitiator    : HHH000026: Second-level cache disabled
2026-01-11T01:59:31.368+01:00  INFO 312175 --- [order-service] [           main] o.s.o.j.p.SpringPersistenceUnitInfo      : No LoadTimeWeaver setup: ignoring JPA class transformer
2026-01-11T01:59:31.437+01:00  INFO 312175 --- [order-service] [           main] com.zaxxer.hikari.HikariDataSource       : HikariPool-1 - Starting...
2026-01-11T01:59:31.804+01:00  INFO 312175 --- [order-service] [           main] com.zaxxer.hikari.pool.HikariPool        : HikariPool-1 - Added connection conn0: url=jdbc:h2:mem:orderdb user=SA
2026-01-11T01:59:31.807+01:00  INFO 312175 --- [order-service] [           main] com.zaxxer.hikari.HikariDataSource       : HikariPool-1 - Start completed.
2026-01-11T01:59:31.904+01:00  INFO 312175 --- [order-service] [           main] org.hibernate.orm.connections.pooling    : HHH10001005: Database info:
	Database JDBC URL [Connecting through datasource 'HikariDataSource (HikariPool-1)']
	Database driver: undefined/unknown
	Database version: 2.3.232
	Autocommit mode: undefined/unknown
	Isolation level: undefined/unknown
	Minimum pool size: undefined/unknown
	Maximum pool size: undefined/unknown
2026-01-11T01:59:33.407+01:00  INFO 312175 --- [order-service] [           main] o.h.e.t.j.p.i.JtaPlatformInitiator       : HHH000489: No JTA platform available (set 'hibernate.transaction.jta.platform' to enable JTA platform integration)
Hibernate: 
    drop table if exists orders cascade 
Hibernate: 
    create table orders (
        quantity integer not null check (quantity>=1),
        total_price float(53) not null,
        created_at timestamp(6) not null,
        id bigint generated by default as identity,
        updated_at timestamp(6),
        customer_username varchar(255) not null,
        product_name varchar(255) not null,
        status enum ('CANCELLED','CONFIRMED','DELIVERED','PENDING','SHIPPED') not null,
        primary key (id)
    )
2026-01-11T01:59:33.473+01:00  INFO 312175 --- [order-service] [           main] j.LocalContainerEntityManagerFactoryBean : Initialized JPA EntityManagerFactory for persistence unit 'default'
2026-01-11T01:59:34.337+01:00  WARN 312175 --- [order-service] [           main] JpaBaseConfiguration$JpaWebConfiguration : spring.jpa.open-in-view is enabled by default. Therefore, database queries may be performed during view rendering. Explicitly configure spring.jpa.open-in-view to disable this warning
2026-01-11T01:59:35.041+01:00 DEBUG 312175 --- [order-service] [           main] swordEncoderAuthenticationManagerBuilder : No authenticationProviders and no parentAuthenticationManager defined. Returning null.
2026-01-11T01:59:35.295+01:00 DEBUG 312175 --- [order-service] [           main] o.s.s.web.DefaultSecurityFilterChain     : Will secure any request with filters: DisableEncodeUrlFilter, WebAsyncManagerIntegrationFilter, SecurityContextHolderFilter, HeaderWriterFilter, LogoutFilter, BearerTokenAuthenticationFilter, AuthenticationFilter, RequestCacheAwareFilter, SecurityContextHolderAwareRequestFilter, AnonymousAuthenticationFilter, ExceptionTranslationFilter, AuthorizationFilter
2026-01-11T01:59:35.676+01:00  INFO 312175 --- [order-service] [           main] o.s.b.a.h2.H2ConsoleAutoConfiguration    : H2 console available at '/h2-console'. Database available at 'jdbc:h2:mem:orderdb'
2026-01-11T01:59:35.881+01:00  INFO 312175 --- [order-service] [           main] o.s.b.w.embedded.tomcat.TomcatWebServer  : Tomcat started on port 8082 (http) with context path '/'
2026-01-11T01:59:35.898+01:00  INFO 312175 --- [order-service] [           main] m.e.o.OrderServiceApplication            : Started OrderServiceApplication in 13.218 seconds (process running for 15.549)
2026-01-11T02:01:54.310+01:00  INFO 312175 --- [order-service] [nio-8082-exec-1] o.a.c.c.C.[Tomcat].[localhost].[/]       : Initializing Spring DispatcherServlet 'dispatcherServlet'
2026-01-11T02:01:54.311+01:00  INFO 312175 --- [order-service] [nio-8082-exec-1] o.s.web.servlet.DispatcherServlet        : Initializing Servlet 'dispatcherServlet'
2026-01-11T02:01:54.314+01:00  INFO 312175 --- [order-service] [nio-8082-exec-1] o.s.web.servlet.DispatcherServlet        : Completed initialization in 2 ms
2026-01-11T02:01:54.341+01:00 DEBUG 312175 --- [order-service] [nio-8082-exec-1] o.s.security.web.FilterChainProxy        : Securing GET /orders
2026-01-11T02:01:54.727+01:00 DEBUG 312175 --- [order-service] [nio-8082-exec-1] o.s.s.o.s.r.a.JwtAuthenticationProvider  : Authenticated token
2026-01-11T02:01:54.728+01:00 DEBUG 312175 --- [order-service] [nio-8082-exec-1] .s.r.w.a.BearerTokenAuthenticationFilter : Set SecurityContextHolder to JwtAuthenticationToken [Principal=org.springframework.security.oauth2.jwt.Jwt@c9d6d40e, Credentials=[PROTECTED], Authenticated=true, Details=WebAuthenticationDetails [RemoteIpAddress=0:0:0:0:0:0:0:1, SessionId=null], Granted Authorities=[ROLE_USER, SCOPE_openid, SCOPE_profile, SCOPE_roles]]
2026-01-11T02:01:54.736+01:00 DEBUG 312175 --- [order-service] [nio-8082-exec-1] o.s.security.web.FilterChainProxy        : Secured GET /orders
2026-01-11T02:01:54.778+01:00  INFO 312175 --- [order-service] [nio-8082-exec-1] m.e.orderservice.service.OrderService    : Fetching orders for user: user
Hibernate: 
    select
        o1_0.id,
        o1_0.created_at,
        o1_0.customer_username,
        o1_0.product_name,
        o1_0.quantity,
        o1_0.status,
        o1_0.total_price,
        o1_0.updated_at 
    from
        orders o1_0 
    where
        o1_0.customer_username=?
2026-01-11T02:01:55.460+01:00 DEBUG 312175 --- [order-service] [nio-8082-exec-2] o.s.security.web.FilterChainProxy        : Securing GET /orders/admin
2026-01-11T02:01:55.465+01:00 DEBUG 312175 --- [order-service] [nio-8082-exec-2] o.s.s.o.s.r.a.JwtAuthenticationProvider  : Authenticated token
2026-01-11T02:01:55.466+01:00 DEBUG 312175 --- [order-service] [nio-8082-exec-2] .s.r.w.a.BearerTokenAuthenticationFilter : Set SecurityContextHolder to JwtAuthenticationToken [Principal=org.springframework.security.oauth2.jwt.Jwt@68b8c0da, Credentials=[PROTECTED], Authenticated=true, Details=WebAuthenticationDetails [RemoteIpAddress=0:0:0:0:0:0:0:1, SessionId=null], Granted Authorities=[ROLE_ADMIN, SCOPE_openid, SCOPE_profile, SCOPE_roles]]
2026-01-11T02:01:55.466+01:00 DEBUG 312175 --- [order-service] [nio-8082-exec-2] o.s.security.web.FilterChainProxy        : Secured GET /orders/admin
2026-01-11T02:01:55.468+01:00 DEBUG 312175 --- [order-service] [nio-8082-exec-2] horizationManagerBeforeMethodInterceptor : Authorizing method invocation ReflectiveMethodInvocation: public org.springframework.http.ResponseEntity ma.enset.orderservice.controller.OrderController.getAllOrders(org.springframework.security.core.Authentication); target is of class [ma.enset.orderservice.controller.OrderController]
2026-01-11T02:01:55.524+01:00 DEBUG 312175 --- [order-service] [nio-8082-exec-2] horizationManagerBeforeMethodInterceptor : Authorized method invocation ReflectiveMethodInvocation: public org.springframework.http.ResponseEntity ma.enset.orderservice.controller.OrderController.getAllOrders(org.springframework.security.core.Authentication); target is of class [ma.enset.orderservice.controller.OrderController]
2026-01-11T02:01:55.526+01:00  INFO 312175 --- [order-service] [nio-8082-exec-2] m.e.orderservice.service.OrderService    : Fetching all orders
Hibernate: 
    select
        o1_0.id,
        o1_0.created_at,
        o1_0.customer_username,
        o1_0.product_name,
        o1_0.quantity,
        o1_0.status,
        o1_0.total_price,
        o1_0.updated_at 
    from
        orders o1_0
2026-01-11T02:01:55.777+01:00 DEBUG 312175 --- [order-service] [nio-8082-exec-3] o.s.security.web.FilterChainProxy        : Securing GET /orders/admin
2026-01-11T02:01:55.787+01:00 DEBUG 312175 --- [order-service] [nio-8082-exec-3] o.s.s.o.s.r.a.JwtAuthenticationProvider  : Authenticated token
2026-01-11T02:01:55.794+01:00 DEBUG 312175 --- [order-service] [nio-8082-exec-3] .s.r.w.a.BearerTokenAuthenticationFilter : Set SecurityContextHolder to JwtAuthenticationToken [Principal=org.springframework.security.oauth2.jwt.Jwt@3f47759, Credentials=[PROTECTED], Authenticated=true, Details=WebAuthenticationDetails [RemoteIpAddress=0:0:0:0:0:0:0:1, SessionId=null], Granted Authorities=[ROLE_MANAGER, SCOPE_openid, SCOPE_profile, SCOPE_roles]]
2026-01-11T02:01:55.795+01:00 DEBUG 312175 --- [order-service] [nio-8082-exec-3] o.s.security.web.FilterChainProxy        : Secured GET /orders/admin
2026-01-11T02:01:55.797+01:00 DEBUG 312175 --- [order-service] [nio-8082-exec-3] horizationManagerBeforeMethodInterceptor : Authorizing method invocation ReflectiveMethodInvocation: public org.springframework.http.ResponseEntity ma.enset.orderservice.controller.OrderController.getAllOrders(org.springframework.security.core.Authentication); target is of class [ma.enset.orderservice.controller.OrderController]
2026-01-11T02:01:55.797+01:00 DEBUG 312175 --- [order-service] [nio-8082-exec-3] horizationManagerBeforeMethodInterceptor : Authorized method invocation ReflectiveMethodInvocation: public org.springframework.http.ResponseEntity ma.enset.orderservice.controller.OrderController.getAllOrders(org.springframework.security.core.Authentication); target is of class [ma.enset.orderservice.controller.OrderController]
2026-01-11T02:01:55.798+01:00  INFO 312175 --- [order-service] [nio-8082-exec-3] m.e.orderservice.service.OrderService    : Fetching all orders
Hibernate: 
    select
        o1_0.id,
        o1_0.created_at,
        o1_0.customer_username,
        o1_0.product_name,
        o1_0.quantity,
        o1_0.status,
        o1_0.total_price,
        o1_0.updated_at 
    from
        orders o1_0
